// Jest Snapshot v1, https://goo.gl/fbAQLP

exports[`App Component render an app 1`] = `<AllCharacters />`;
