// Jest Snapshot v1, https://goo.gl/fbAQLP

exports[`Characters component renders a Characters 1`] = `
<ul>
  <li
    key="0"
  >
    <Character
      character={
        Object {
          "image": "/image",
          "name": "Rick Sanchez",
          "species": "Human",
          "status": "Alive",
        }
      }
    />
  </li>
  <li
    key="1"
  >
    <Character
      character={
        Object {
          "image": "/image",
          "name": "Beth Smith",
          "species": "Human",
          "status": "Alive",
        }
      }
    />
  </li>
</ul>
`;
